--- transcript
]]]]]]]]]]]]]]]]]]]]]]]]]]]]]]]]]WRITTEN
KEITH = 1250
ANNE = 990
END OF DATA CODE 5
FIRST CHAR K
THIRD LINE ZED
BLOAD BACK 79
AT A 7
DISK VOLUME 254

 T 001 SCORES
 A 006 PART1
 A 001 PART2
 B 001 PIC
DISK VOLUME 254

 T 001 SCORES
 A 006 PART1
 A 001 PART2
BACK
OPEN MAKES THE FILE, SO READ HITS THE EN
D: CODE 5
UNKNOWN COMMAND: CODE 11
CHAINING
PART TWO RAN
NOTE: SAVED BY LINE 190
]DISK VOLUME 254

 T 001 SCORES
 A 006 PART1
 A 001 PART2
 T 001 NOTES
 T 001 PRINTER
 T 001 NOPE
]]DISK VOLUME 254

 T 001 SCORES
 A 006 PART1
 A 001 PART2
 T 001 PRINTER
 T 001 NOPE
]
FILE NOT FOUND
]]]STILL HERE
]--- SCORES.TXT
KEITH,1250
ANNE,990
ZED,5
--- printer.txt
TO THE PRINTER
--- files
LATE.TXT
NOPE.TXT
PART1.BAS
PART2.BAS
SCORES.TXT
printer.txt
